IMPORTANT DEBUGGING NOTE: batches of tests are run inside their
own process. For debugging a test inside a debugger, use the
--gtest_filter=<your_test_name> flag along with
--single-process-tests.
Using sharding settings from environment. This is shard 0/1
Using 32 parallel jobs.
[1/46] XmlParserRsTest.CommentsIgnored (1 ms)
[2/46] XmlParserTest.ParseBadXml (1 ms)
[3/46] XmlParserTest.IgnoreComments (0 ms)
[4/46] XmlParserTest.IgnoreProcessingCommands (0 ms)
[5/46] XmlParserTest.IgnoreDocumentTypes (0 ms)
[6/46] XmlParserTest.ParseSelfClosingTag (0 ms)
[7/46] XmlParserTest.ParseEmptyTag (0 ms)
[8/46] XmlParserTest.ParseBadTag (0 ms)
[9/46] XmlParserTest.ParseTextElement (0 ms)
[10/46] XmlParserTest.ParseBadTextElement (0 ms)
[11/46] XmlParserRsTest.CharacterEntities (0 ms)
[12/46] XmlParserRsTest.MaxDepth (2 ms)
[13/46] XmlParserRsTest.NoRootElement (1 ms)
[14/46] XmlParserRsTest.WhitespaceAroundRootElement (0 ms)
[15/46] XmlParserRsTest.MultipleRootElements (0 ms)
[16/46] XmlParserRsTest.TextAroundRootElement (0 ms)
[17/46] XmlParserRsTest.CdataAroundRoot (0 ms)
[18/46] XmlParserRsTest.MismatchedTags (0 ms)
[19/46] XmlParserRsTest.DoctypeIgnored (0 ms)
[20/46] XmlParserRsTest.ProcessingInstructionsIgnored (0 ms)
[21/46] XmlParserRsTest.Basic (0 ms)
[22/46] XmlParserRsTest.MultipleAttributes (0 ms)
[23/46] XmlParserRsTest.DuplicateAttributes (0 ms)
[24/46] XmlParserRsTest.MixedSiblingTypes (0 ms)
[25/46] XmlParserRsTest.OmitUnspecifiedDefaultNamespaceOnRoot (0 ms)
[26/46] XmlParserRsTest.BasicNamespaces (0 ms)
[27/46] XmlParserRsTest.OverrideNamespaceInChild (0 ms)
[28/46] XmlParserRsTest.UndeclareDefaultNamespaceTest (0 ms)
[29/46] XmlParserRsTest.CdataNode (0 ms)
[30/46] XmlParserRsTest.NestedSiblings (0 ms)
[31/46] XmlParserTest.ParseCDataElement (0 ms)
[32/46] XmlParserTest.ParseBadCDataElement (0 ms)
[33/46] XmlParserTest.ParseTextWithEntities (0 ms)
[34/46] XmlParserTest.ParseMultipleSimilarTextElement (0 ms)
[35/46] XmlParserTest.ParseMixMatchTextNonTextElement (0 ms)
[36/46] XmlParserTest.ParseElementsInText (0 ms)
[37/46] XmlParserTest.ParseNestedXml (0 ms)
[38/46] XmlParserTest.ParseMultipleSimilarElements (0 ms)
[39/46] XmlParserTest.LargeNumber (0 ms)
[40/46] XmlParserTest.JsonInjection (0 ms)
[41/46] XmlParserTest.ParseAttributes (2 ms)
[42/46] XmlParserTest.ParseBadAttributes (0 ms)
[43/46] XmlParserTest.MultipleNamespacesDefined (0 ms)
[44/46] XmlParserTest.NamespacesUsed (0 ms)
[45/46] XmlParserTest.WhitespaceBehavior (0 ms)
[46/46] XmlParserTest.ParseTypicalXml (0 ms)
SUCCESS: all tests passed.
Tests took 0 seconds.
