revision=04f9a8144d9b1701aa0b329b6000cf3299bbaf22
configuration=use_rust_data_decoder_gzipper=false
use_rust_data_decoder_gzipper
    Current value = false
      From //out/ChromiferCandidate_data_decoder/args.gn:8
    Overridden from the default = true
      From //services/data_decoder/BUILD.gn:15

    Keep the C++ Gzipper as a source-separated rollback while the Rust Mojo
    implementation is validated on all supported desktop platforms.


focused_graph_check:
PASS: focused rollback graph excludes //services/data_decoder:gzipper_rust

production_source_check:
//services/data_decoder/data_decoder_service.cc
//services/data_decoder/data_decoder_service.h
//services/data_decoder/gzipper.cc
//services/data_decoder/gzipper.h

production_dependency_check:
//third_party/zlib/google:compression_utils
//third_party/zlib/google:compression_utils_portable
PASS: production rollback graph selects zlib and excludes Rust gzipper

contract:
Note: Google Test filter = GzipperTest.*
[==========] Running 5 tests from 1 test suite.
[----------] Global test environment set-up.
[----------] 5 tests from GzipperTest
[ RUN      ] GzipperTest.DeflateAndInflate
[       OK ] GzipperTest.DeflateAndInflate (1 ms)
[ RUN      ] GzipperTest.InflateExceedsSize
[       OK ] GzipperTest.InflateExceedsSize (0 ms)
[ RUN      ] GzipperTest.InflateTrimsSize
[       OK ] GzipperTest.InflateTrimsSize (1 ms)
[ RUN      ] GzipperTest.CompressAndUncompress
[       OK ] GzipperTest.CompressAndUncompress (1 ms)
[ RUN      ] GzipperTest.LargeBigBufferRoundTrip
[       OK ] GzipperTest.LargeBigBufferRoundTrip (17 ms)
[----------] 5 tests from GzipperTest (22 ms total)

[----------] Global test environment tear-down
[==========] 5 tests from 1 test suite ran. (23 ms total)
[  PASSED  ] 5 tests.
